// Jest Snapshot v1, https://goo.gl/fbAQLP

exports[`<AboutSamLink /> Should render as expected 1`] = `
<div>
  <button
    className="asl-btn-link"
    onClick={[Function]}
  >
    <span
      className="asl-btn-span"
    >
      About SAM 
    </span>
  </button>
</div>
`;
